1. Test For Kernel:
https://github.com/HazyResearch/deepnet/blob/master/tests/test_kernel.cpp

[==========] Running 3 tests from 3 test cases.
[----------] Global test environment set-up.
[----------] 1 test from BlasNNKernelTest/0, where TypeParam = FloatCRDB
[ RUN      ] BlasNNKernelTest/0.TestCompute
[       OK ] BlasNNKernelTest/0.TestCompute (27 ms)
[----------] 1 test from BlasNNKernelTest/0 (27 ms total)

[----------] 1 test from ElemMulKernelTest/0, where TypeParam = FloatCRDB
[ RUN      ] ElemMulKernelTest/0.TestCompute
[       OK ] ElemMulKernelTest/0.TestCompute (0 ms)
[----------] 1 test from ElemMulKernelTest/0 (0 ms total)

[----------] 1 test from ElemMulTanhKernelTest/0, where TypeParam = FloatCRDB
[ RUN      ] ElemMulTanhKernelTest/0.TestCompute
[       OK ] ElemMulTanhKernelTest/0.TestCompute (0 ms)
[----------] 1 test from ElemMulTanhKernelTest/0 (0 ms total)

[----------] Global test environment tear-down
[==========] 3 tests from 3 test cases ran. (27 ms total)
[  PASSED  ] 3 tests.

2. Test for Bridge
Comments - Test with batch size =1. It fails for larger bach sizes

https://github.com/HazyResearch/deepnet/blob/master/tests/test_bridge.cpp

[==========] Running 4 tests from 2 test cases.
[----------] Global test environment set-up.
[----------] 2 tests from BridgeTest/0, where TypeParam = FloatNOFUNC
[ RUN      ] BridgeTest/0.TestInitialization
Allocating 9.05246e-07 GB data for the lowering matrix
Allocating 9.05246e-07 GB data for the lowering matrix
[       OK ] BridgeTest/0.TestInitialization (1 ms)
[ RUN      ] BridgeTest/0.TestForward
Allocating 9.05246e-07 GB data for the lowering matrix
Allocating 9.05246e-07 GB data for the lowering matrix
[       OK ] BridgeTest/0.TestForward (0 ms)
[----------] 2 tests from BridgeTest/0 (1 ms total)

[----------] 2 tests from BridgeTest/1, where TypeParam = FloatTANH
[ RUN      ] BridgeTest/1.TestInitialization
Allocating 9.05246e-07 GB data for the lowering matrix
Allocating 9.05246e-07 GB data for the lowering matrix
[       OK ] BridgeTest/1.TestInitialization (1 ms)
[ RUN      ] BridgeTest/1.TestForward
Allocating 9.05246e-07 GB data for the lowering matrix
Allocating 9.05246e-07 GB data for the lowering matrix
[       OK ] BridgeTest/1.TestForward (0 ms)
[----------] 2 tests from BridgeTest/1 (1 ms total)

[----------] Global test environment tear-down
[==========] 4 tests from 2 test cases ran. (2 ms total)
[  PASSED  ] 4 tests.

3. Test for Connector
https://github.com/HazyResearch/deepnet/blob/master/tests/test_connector.cpp

[==========] Running 2 tests from 1 test case.
[----------] Global test environment set-up.
[----------] 2 tests from ConnectorTest/0, where TypeParam = FloatCRDB
[ RUN      ] ConnectorTest/0.TestInitialization
[       OK ] ConnectorTest/0.TestInitialization (0 ms)
[ RUN      ] ConnectorTest/0.TestLowering
[       OK ] ConnectorTest/0.TestLowering (0 ms)
[----------] 2 tests from ConnectorTest/0 (0 ms total)

[----------] Global test environment tear-down
[==========] 2 tests from 1 test case ran. (0 ms total)
[  PASSED  ] 2 tests.

4. Test for Scanner
https://github.com/HazyResearch/deepnet/blob/master/tests/test_scanner.cpp

[==========] Running 4 tests from 4 test cases.
[----------] Global test environment set-up.
[----------] 1 test from ScannerTANHTest/0, where TypeParam = FloatBDRC
[ RUN      ] ScannerTANHTest/0.TestApply
[       OK ] ScannerTANHTest/0.TestApply (0 ms)
[----------] 1 test from ScannerTANHTest/0 (0 ms total)

[----------] 1 test from ScannerTANHTest/1, where TypeParam = FloatCRDB
[ RUN      ] ScannerTANHTest/1.TestApply
[       OK ] ScannerTANHTest/1.TestApply (0 ms)
[----------] 1 test from ScannerTANHTest/1 (0 ms total)

[----------] 1 test from ScannerNO_FUNCTest/0, where TypeParam = FloatBDRC
[ RUN      ] ScannerNO_FUNCTest/0.TestApply
[       OK ] ScannerNO_FUNCTest/0.TestApply (0 ms)
[----------] 1 test from ScannerNO_FUNCTest/0 (0 ms total)

[----------] 1 test from ScannerNO_FUNCTest/1, where TypeParam = FloatCRDB
[ RUN      ] ScannerNO_FUNCTest/1.TestApply
[       OK ] ScannerNO_FUNCTest/1.TestApply (0 ms)
[----------] 1 test from ScannerNO_FUNCTest/1 (0 ms total)

[----------] Global test environment tear-down
[==========] 4 tests from 4 test cases ran. (1 ms total)
[  PASSED  ] 4 tests.
